<!doctype html>
<!--[if lt IE 7]>      <html class="no-js lt-ie9 lt-ie8 lt-ie7"> <![endif]-->
<!--[if IE 7]>         <html class="no-js lt-ie9 lt-ie8"> <![endif]-->
<!--[if IE 8]>         <html class="no-js lt-ie9"> <![endif]-->
<!--[if gt IE 8]><!--> <html class="no-js"> <!--<![endif]-->
  <head>
    <meta charset="utf-8">
    <meta http-equiv="X-UA-Compatible" content="IE=edge">
    <title>Awesome Page</title>
    <meta name="description" content="">
    <meta name="viewport" content="width=device-width">
    <!-- Place favicon.ico and apple-touch-icon.png in the root directory -->
    <!-- build:css styles/vendor.css -->
    <!-- bower:css -->
    <!-- endbower -->
    <!-- endbuild -->
    <!-- build:css({.tmp,app}) styles/main.css -->
    <link rel="stylesheet" href="styles/main.css">
    <!-- endbuild -->
  </head>
  <body ng-app="myApp">
    <h1>Awesome Page</h1>
    This is pretty cool
  <!--[if lte IE 8]><script>(function(d){var e = ["ng-include","ng-pluralize","ng-view","ng:include","ng:pluralize","ng:view","navheader","itin"];for (var i=0;i<e.length;i++) { d.createElement(e[i]); } })(document);</script><![endif]--></body>
</html>
