<!doctype html>
<!--[if lt IE 7]>      <html class="no-js lt-ie9 lt-ie8 lt-ie7"> <![endif]-->
<!--[if IE 7]>         <html class="no-js lt-ie9 lt-ie8"> <![endif]-->
<!--[if IE 8]>         <html class="no-js lt-ie9"> <![endif]-->
<!--[if gt IE 8]><!--> <html class="no-js"> <!--<![endif]-->
  <head>
    <meta charset="utf-8">
    <meta http-equiv="X-UA-Compatible" content="IE=edge">
    <title>Awesome Page</title>
    <meta name="description" content="">
    <meta name="viewport" content="width=device-width">
    <!-- Place favicon.ico and apple-touch-icon.png in the root directory -->
    <!-- build:css styles/vendor.css -->
    <!-- bower:css -->
    <!-- endbower -->
    <!-- endbuild -->
    <!-- build:css({.tmp,app}) styles/main.css -->
    <link rel="stylesheet" href="styles/main.css">
    <!-- endbuild -->
<!--[if lte IE 8]><script>(function(){var ngieElements = ["ng-include","ng-pluralize","ng-view","ng:include","ng:pluralize","ng:view","pclnDesktopHeader","pclnDesktopFooter","flyListing","flyListingItinerary","flyPriceSummary","flyCheckoutInsuranceOffer","flyCustomerContactForm","flyCheckoutImportantInformation","flyCheckoutVerifyPassport","flyCreditCardForm","addCreditCardModal","flyPassengerPreferences","flyCheckoutPassengerInformation","flyPassengerForm","flyCheckoutRegisterForm","flyShippingAddressModal","flyCheckoutSummaryOfCharges","flyCheckoutLoading","flyPostBookingNav","flyConfirmationSummary","flyCommonTerms","flyPassengerTicketInfo","flyNeedChange","flyCustomerServiceContact","flyImportantInfo","flyPostBookingInsuranceOffer","flyPaperTicketTracking","flyPostBookingSummaryOfCharges","flyAirlineContact","flightItinerary","itinerarySlice","itinerarySegment","flySeatmap","flySeatMapCabin","flySeatMapRow","flySeatMapCabinSummaryColumn","flySeatMapLegend","flySeatMapSeat","flySeatMapSegmentSelectorPassenger","flySeatMapSegmentSelect","flySeatMapPassengerSelect","flyAjaxError","flyAlreadyBooked","flySeatPreference","signInForm","pclnSignInModal","countrySelect","provinceSelect","postalCode","selectYear","selectMonth","selectDay","kanaContent","kanaLink","cvvModalButton","modal","debugger"];for (var i=0;i<ngieElements.length;i++) { document.createElement(ngieElements[i]); } })()</script><![endif]-->
  </head>
  <body ng-app="myApp">
    <h1>Awesome Page</h1>
    This is pretty cool
  </body>
</html>
